-7
-17
1
15
false
true
true
false
true
false
true
