number of 1s in the binary representation of 534219 is 9
