pi/2 approx 1.57079631
sin(pi/2) approx 1.00000286
cos(pi/2) approx 0.00037169
